ARM Linker, 5.03 [Build 76] [MDK-ARM Standard]

==============================================================================

Section Cross References

    startup_stm32f10x_hd.o(RESET) refers to startup_stm32f10x_hd.o(STACK) for __initial_sp
    startup_stm32f10x_hd.o(RESET) refers to startup_stm32f10x_hd.o(.text) for Reset_Handler
    startup_stm32f10x_hd.o(RESET) refers to stm32f10x_it.o(.text) for NMI_Handler
    startup_stm32f10x_hd.o(.text) refers to system_stm32f10x.o(.text) for SystemInit
    startup_stm32f10x_hd.o(.text) refers to entry.o(.ARM.Collect$$$$00000000) for __main
    stm32f10x_adc.o(.text) refers to stm32f10x_rcc.o(.text) for RCC_APB2PeriphResetCmd
    stm32f10x_bkp.o(.text) refers to stm32f10x_rcc.o(.text) for RCC_BackupResetCmd
    stm32f10x_can.o(.text) refers to stm32f10x_rcc.o(.text) for RCC_APB1PeriphResetCmd
    stm32f10x_cec.o(.text) refers to stm32f10x_rcc.o(.text) for RCC_APB1PeriphResetCmd
    stm32f10x_dac.o(.text) refers to stm32f10x_rcc.o(.text) for RCC_APB1PeriphResetCmd
    stm32f10x_gpio.o(.text) refers to stm32f10x_rcc.o(.text) for RCC_APB2PeriphResetCmd
    stm32f10x_i2c.o(.text) refers to stm32f10x_rcc.o(.text) for RCC_APB1PeriphResetCmd
    stm32f10x_pwr.o(.text) refers to stm32f10x_rcc.o(.text) for RCC_APB1PeriphResetCmd
    stm32f10x_rcc.o(.text) refers to stm32f10x_rcc.o(.data) for APBAHBPrescTable
    stm32f10x_spi.o(.text) refers to stm32f10x_rcc.o(.text) for RCC_APB2PeriphResetCmd
    stm32f10x_tim.o(.text) refers to stm32f10x_rcc.o(.text) for RCC_APB2PeriphResetCmd
    stm32f10x_usart.o(.text) refers to stm32f10x_rcc.o(.text) for RCC_APB2PeriphResetCmd
    stm32f10x_wwdg.o(.text) refers to stm32f10x_rcc.o(.text) for RCC_APB1PeriphResetCmd
    system_stm32f10x.o(.text) refers to system_stm32f10x.o(.data) for SystemCoreClock
    usb_core.o(.text) refers to usb_regs.o(.text) for ClearDTOG_TX
    usb_core.o(.text) refers to usb_init.o(.data) for pInformation
    usb_core.o(.text) refers to usb_prop.o(.data) for Device_Table
    usb_core.o(.text) refers to usb_core.o(.data) for StatusInfo
    usb_core.o(.text) refers to usb_mem.o(.text) for PMAToUserBufferCopy
    usb_core.o(.text) refers to usb_int.o(.data) for SaveRState
    usb_init.o(.text) refers to usb_init.o(.bss) for Device_Info
    usb_init.o(.text) refers to usb_init.o(.data) for pInformation
    usb_init.o(.text) refers to usb_prop.o(.data) for Device_Property
    usb_int.o(.text) refers to usb_core.o(.text) for In0_Process
    usb_int.o(.text) refers to usb_istr.o(.data) for wIstr
    usb_int.o(.text) refers to usb_init.o(.data) for EPindex
    usb_int.o(.text) refers to usb_int.o(.data) for SaveRState
    usb_sil.o(.text) refers to usb_regs.o(.text) for GetEPTxAddr
    usb_sil.o(.text) refers to usb_mem.o(.text) for UserToPMABufferCopy
    usb_sil.o(.text) refers to usb_init.o(.data) for wInterrupt_Mask
    hw_config.o(.text) refers to stm32f10x_rcc.o(.text) for RCC_USBCLKConfig
    hw_config.o(.text) refers to stm32f10x_gpio.o(.text) for GPIO_Init
    hw_config.o(.text) refers to system_stm32f10x.o(.text) for SystemInit
    hw_config.o(.text) refers to misc.o(.text) for NVIC_PriorityGroupConfig
    hw_config.o(.text) refers to stm32f10x_exti.o(.text) for EXTI_Init
    hw_config.o(.text) refers to stm32f10x_dma.o(.text) for DMA_DeInit
    hw_config.o(.text) refers to stm32f10x_adc.o(.text) for ADC_Init
    hw_config.o(.text) refers to usb_pwr.o(.data) for bDeviceState
    hw_config.o(.text) refers to usb_init.o(.bss) for Device_Info
    hw_config.o(.text) refers to hw_config.o(.data) for ADC_ConvertedValueX
    hw_config.o(.text) refers to usb_desc.o(.data) for Composite_StringSerial
    usb_endp.o(.text) refers to usb_sil.o(.text) for USB_SIL_Read
    usb_endp.o(.text) refers to usb_regs.o(.text) for SetEPRxStatus
    usb_endp.o(.text) refers to usb_endp.o(.bss) for Receive_Buffer_from_vcp
    usb_endp.o(.text) refers to usb_endp.o(.data) for PrevXferComplete
    usb_istr.o(.text) refers to usb_int.o(.text) for CTR_LP
    usb_istr.o(.text) refers to usb_pwr.o(.text) for Resume
    usb_istr.o(.text) refers to usb_istr.o(.data) for wIstr
    usb_istr.o(.text) refers to usb_init.o(.data) for wInterrupt_Mask
    usb_istr.o(.text) refers to usb_prop.o(.data) for Device_Property
    usb_istr.o(.data) refers to usb_endp.o(.text) for EP1_IN_Callback
    usb_istr.o(.data) refers to usb_core.o(.text) for NOP_Process
    usb_prop.o(.text) refers to usb_core.o(.text) for Standard_GetDescriptorData
    usb_prop.o(.text) refers to hw_config.o(.text) for Get_SerialNum
    usb_prop.o(.text) refers to usb_pwr.o(.text) for PowerOn
    usb_prop.o(.text) refers to usb_sil.o(.text) for USB_SIL_Init
    usb_prop.o(.text) refers to usb_regs.o(.text) for SetBTABLE
    usb_prop.o(.text) refers to usb_init.o(.data) for pInformation
    usb_prop.o(.text) refers to usb_pwr.o(.data) for bDeviceState
    usb_prop.o(.text) refers to usb_prop.o(.bss) for Report_Buf_Rx
    usb_prop.o(.text) refers to usb_endp.o(.data) for PrevXferComplete
    usb_prop.o(.text) refers to usb_prop.o(.data) for CustomHID_Report_Descriptor
    usb_prop.o(.text) refers to usb_desc.o(.constdata) for Composite_ConfigDescriptor
    usb_prop.o(.data) refers to usb_desc.o(.constdata) for Composite_DeviceDescriptor
    usb_prop.o(.data) refers to usb_desc.o(.data) for Composite_StringSerial
    usb_prop.o(.data) refers to usb_prop.o(.text) for composite_cdc_hid_init
    usb_prop.o(.data) refers to usb_core.o(.text) for NOP_Process
    usb_pwr.o(.text) refers to hw_config.o(.text) for USB_Cable_Config
    usb_pwr.o(.text) refers to usb_init.o(.data) for wInterrupt_Mask
    usb_pwr.o(.text) refers to usb_pwr.o(.bss) for EP
    usb_pwr.o(.text) refers to usb_pwr.o(.data) for ResumeS
    main.o(.text) refers to usb_mem.o(.text) for UserToPMABufferCopy
    main.o(.text) refers to usb_regs.o(.text) for SetEPTxValid
    main.o(.text) refers to hw_config.o(.text) for Set_System
    main.o(.text) refers to usb_init.o(.text) for USB_Init
    main.o(.text) refers to main.o(.data) for cnt
    main.o(.text) refers to usb_endp.o(.data) for PrevXferComplete
    main.o(.text) refers to usb_pwr.o(.data) for bDeviceState
    stm32f10x_it.o(.text) refers to usb_istr.o(.text) for USB_Istr
    entry.o(.ARM.Collect$$$$00000000) refers (Special) to entry10a.o(.ARM.Collect$$$$0000000D) for __rt_final_cpp
    entry.o(.ARM.Collect$$$$00000000) refers (Special) to entry11a.o(.ARM.Collect$$$$0000000F) for __rt_final_exit
    entry.o(.ARM.Collect$$$$00000000) refers (Special) to entry7b.o(.ARM.Collect$$$$00000008) for _main_clock
    entry.o(.ARM.Collect$$$$00000000) refers (Special) to entry8b.o(.ARM.Collect$$$$0000000A) for _main_cpp_init
    entry.o(.ARM.Collect$$$$00000000) refers (Special) to entry9a.o(.ARM.Collect$$$$0000000B) for _main_init
    entry.o(.ARM.Collect$$$$00000000) refers (Special) to entry5.o(.ARM.Collect$$$$00000004) for _main_scatterload
    entry.o(.ARM.Collect$$$$00000000) refers (Special) to entry2.o(.ARM.Collect$$$$00000001) for _main_stk
    entry2.o(.ARM.Collect$$$$00000001) refers to entry2.o(.ARM.Collect$$$$00002712) for __lit__00000000
    entry2.o(.ARM.Collect$$$$00002712) refers to startup_stm32f10x_hd.o(STACK) for __initial_sp
    entry2.o(__vectab_stack_and_reset_area) refers to startup_stm32f10x_hd.o(STACK) for __initial_sp
    entry2.o(__vectab_stack_and_reset_area) refers to entry.o(.ARM.Collect$$$$00000000) for __main
    entry5.o(.ARM.Collect$$$$00000004) refers to init.o(.text) for __scatterload
    entry9a.o(.ARM.Collect$$$$0000000B) refers to main.o(.text) for main
    entry9b.o(.ARM.Collect$$$$0000000C) refers to main.o(.text) for main
    init.o(.text) refers to entry5.o(.ARM.Collect$$$$00000004) for __main_after_scatterload


==============================================================================

Removing Unused input sections from the image.

    Removing startup_stm32f10x_hd.o(HEAP), (512 bytes).
    Removing stm32f10x_bkp.o(.text), (196 bytes).
    Removing stm32f10x_can.o(.text), (2540 bytes).
    Removing stm32f10x_cec.o(.text), (288 bytes).
    Removing stm32f10x_crc.o(.text), (72 bytes).
    Removing stm32f10x_dac.o(.text), (396 bytes).
    Removing stm32f10x_dbgmcu.o(.text), (48 bytes).
    Removing stm32f10x_flash.o(.text), (1468 bytes).
    Removing stm32f10x_fsmc.o(.text), (1560 bytes).
    Removing stm32f10x_i2c.o(.text), (1028 bytes).
    Removing stm32f10x_iwdg.o(.text), (64 bytes).
    Removing stm32f10x_pwr.o(.text), (204 bytes).
    Removing stm32f10x_rtc.o(.text), (324 bytes).
    Removing stm32f10x_sdio.o(.text), (472 bytes).
    Removing stm32f10x_spi.o(.text), (780 bytes).
    Removing stm32f10x_tim.o(.text), (3610 bytes).
    Removing stm32f10x_usart.o(.text), (1032 bytes).
    Removing stm32f10x_wwdg.o(.text), (136 bytes).
    Removing core_cm3.o(.emb_text), (32 bytes).

19 unused section(s) (total 14762 bytes) removed from the image.

==============================================================================

Image Symbol Table

    Local Symbols

    Symbol Name                              Value     Ov Type        Size  Object(Section)

    ../clib/../cmprslib/zerorunl2.c          0x00000000   Number         0  __dczerorl2.o ABSOLUTE
    ../clib/microlib/init/entry.s            0x00000000   Number         0  entry10b.o ABSOLUTE
    ../clib/microlib/init/entry.s            0x00000000   Number         0  entry10a.o ABSOLUTE
    ../clib/microlib/init/entry.s            0x00000000   Number         0  entry9b.o ABSOLUTE
    ../clib/microlib/init/entry.s            0x00000000   Number         0  entry9a.o ABSOLUTE
    ../clib/microlib/init/entry.s            0x00000000   Number         0  entry7b.o ABSOLUTE
    ../clib/microlib/init/entry.s            0x00000000   Number         0  entry8a.o ABSOLUTE
    ../clib/microlib/init/entry.s            0x00000000   Number         0  entry7a.o ABSOLUTE
    ../clib/microlib/init/entry.s            0x00000000   Number         0  entry5.o ABSOLUTE
    ../clib/microlib/init/entry.s            0x00000000   Number         0  entry2.o ABSOLUTE
    ../clib/microlib/init/entry.s            0x00000000   Number         0  entry.o ABSOLUTE
    ../clib/microlib/init/entry.s            0x00000000   Number         0  entry8b.o ABSOLUTE
    ../clib/microlib/init/entry.s            0x00000000   Number         0  entry11b.o ABSOLUTE
    ../clib/microlib/init/entry.s            0x00000000   Number         0  entry11a.o ABSOLUTE
    ..\CMSISI\core_cm3.c                     0x00000000   Number         0  core_cm3.o ABSOLUTE
    ..\CMSISI\system_stm32f10x.c             0x00000000   Number         0  system_stm32f10x.o ABSOLUTE
    ..\FWLib\src\misc.c                      0x00000000   Number         0  misc.o ABSOLUTE
    ..\FWLib\src\stm32f10x_adc.c             0x00000000   Number         0  stm32f10x_adc.o ABSOLUTE
    ..\FWLib\src\stm32f10x_bkp.c             0x00000000   Number         0  stm32f10x_bkp.o ABSOLUTE
    ..\FWLib\src\stm32f10x_can.c             0x00000000   Number         0  stm32f10x_can.o ABSOLUTE
    ..\FWLib\src\stm32f10x_cec.c             0x00000000   Number         0  stm32f10x_cec.o ABSOLUTE
    ..\FWLib\src\stm32f10x_crc.c             0x00000000   Number         0  stm32f10x_crc.o ABSOLUTE
    ..\FWLib\src\stm32f10x_dac.c             0x00000000   Number         0  stm32f10x_dac.o ABSOLUTE
    ..\FWLib\src\stm32f10x_dbgmcu.c          0x00000000   Number         0  stm32f10x_dbgmcu.o ABSOLUTE
    ..\FWLib\src\stm32f10x_dma.c             0x00000000   Number         0  stm32f10x_dma.o ABSOLUTE
    ..\FWLib\src\stm32f10x_exti.c            0x00000000   Number         0  stm32f10x_exti.o ABSOLUTE
    ..\FWLib\src\stm32f10x_flash.c           0x00000000   Number         0  stm32f10x_flash.o ABSOLUTE
    ..\FWLib\src\stm32f10x_fsmc.c            0x00000000   Number         0  stm32f10x_fsmc.o ABSOLUTE
    ..\FWLib\src\stm32f10x_gpio.c            0x00000000   Number         0  stm32f10x_gpio.o ABSOLUTE
    ..\FWLib\src\stm32f10x_i2c.c             0x00000000   Number         0  stm32f10x_i2c.o ABSOLUTE
    ..\FWLib\src\stm32f10x_iwdg.c            0x00000000   Number         0  stm32f10x_iwdg.o ABSOLUTE
    ..\FWLib\src\stm32f10x_pwr.c             0x00000000   Number         0  stm32f10x_pwr.o ABSOLUTE
    ..\FWLib\src\stm32f10x_rcc.c             0x00000000   Number         0  stm32f10x_rcc.o ABSOLUTE
    ..\FWLib\src\stm32f10x_rtc.c             0x00000000   Number         0  stm32f10x_rtc.o ABSOLUTE
    ..\FWLib\src\stm32f10x_sdio.c            0x00000000   Number         0  stm32f10x_sdio.o ABSOLUTE
    ..\FWLib\src\stm32f10x_spi.c             0x00000000   Number         0  stm32f10x_spi.o ABSOLUTE
    ..\FWLib\src\stm32f10x_tim.c             0x00000000   Number         0  stm32f10x_tim.o ABSOLUTE
    ..\FWLib\src\stm32f10x_usart.c           0x00000000   Number         0  stm32f10x_usart.o ABSOLUTE
    ..\FWLib\src\stm32f10x_wwdg.c            0x00000000   Number         0  stm32f10x_wwdg.o ABSOLUTE
    ..\\CMSISI\\core_cm3.c                   0x00000000   Number         0  core_cm3.o ABSOLUTE
    ..\hid_cdc\ports\hw_config.c             0x00000000   Number         0  hw_config.o ABSOLUTE
    ..\hid_cdc\ports\usb_desc.c              0x00000000   Number         0  usb_desc.o ABSOLUTE
    ..\hid_cdc\ports\usb_endp.c              0x00000000   Number         0  usb_endp.o ABSOLUTE
    ..\hid_cdc\ports\usb_istr.c              0x00000000   Number         0  usb_istr.o ABSOLUTE
    ..\hid_cdc\ports\usb_prop.c              0x00000000   Number         0  usb_prop.o ABSOLUTE
    ..\hid_cdc\ports\usb_pwr.c               0x00000000   Number         0  usb_pwr.o ABSOLUTE
    ..\hid_cdc\sources\src\usb_core.c        0x00000000   Number         0  usb_core.o ABSOLUTE
    ..\hid_cdc\sources\src\usb_init.c        0x00000000   Number         0  usb_init.o ABSOLUTE
    ..\hid_cdc\sources\src\usb_int.c         0x00000000   Number         0  usb_int.o ABSOLUTE
    ..\hid_cdc\sources\src\usb_mem.c         0x00000000   Number         0  usb_mem.o ABSOLUTE
    ..\hid_cdc\sources\src\usb_regs.c        0x00000000   Number         0  usb_regs.o ABSOLUTE
    ..\hid_cdc\sources\src\usb_sil.c         0x00000000   Number         0  usb_sil.o ABSOLUTE
    ..\startup\startup_stm32f10x_hd.s        0x00000000   Number         0  startup_stm32f10x_hd.o ABSOLUTE
    dc.s                                     0x00000000   Number         0  dc.o ABSOLUTE
    handlers.s                               0x00000000   Number         0  handlers.o ABSOLUTE
    init.s                                   0x00000000   Number         0  init.o ABSOLUTE
    main.c                                   0x00000000   Number         0  main.o ABSOLUTE
    stm32f10x_it.c                           0x00000000   Number         0  stm32f10x_it.o ABSOLUTE
    RESET                                    0x08000000   Section      304  startup_stm32f10x_hd.o(RESET)
    .ARM.Collect$$$$00000000                 0x08000130   Section        0  entry.o(.ARM.Collect$$$$00000000)
    .ARM.Collect$$$$00000001                 0x08000130   Section        4  entry2.o(.ARM.Collect$$$$00000001)
    .ARM.Collect$$$$00000004                 0x08000134   Section        4  entry5.o(.ARM.Collect$$$$00000004)
    .ARM.Collect$$$$00000008                 0x08000138   Section        0  entry7b.o(.ARM.Collect$$$$00000008)
    .ARM.Collect$$$$0000000A                 0x08000138   Section        0  entry8b.o(.ARM.Collect$$$$0000000A)
    .ARM.Collect$$$$0000000B                 0x08000138   Section        8  entry9a.o(.ARM.Collect$$$$0000000B)
    .ARM.Collect$$$$0000000D                 0x08000140   Section        0  entry10a.o(.ARM.Collect$$$$0000000D)
    .ARM.Collect$$$$0000000F                 0x08000140   Section        0  entry11a.o(.ARM.Collect$$$$0000000F)
    .ARM.Collect$$$$00002712                 0x08000140   Section        4  entry2.o(.ARM.Collect$$$$00002712)
    __lit__00000000                          0x08000140   Data           4  entry2.o(.ARM.Collect$$$$00002712)
    .text                                    0x08000144   Section       36  startup_stm32f10x_hd.o(.text)
    .text                                    0x08000168   Section        0  misc.o(.text)
    .text                                    0x08000244   Section        0  stm32f10x_adc.o(.text)
    .text                                    0x08000694   Section        0  stm32f10x_dma.o(.text)
    .text                                    0x080008e4   Section        0  stm32f10x_exti.o(.text)
    .text                                    0x08000a00   Section        0  stm32f10x_gpio.o(.text)
    .text                                    0x08000d58   Section        0  stm32f10x_rcc.o(.text)
    .text                                    0x080010fc   Section        0  system_stm32f10x.o(.text)
    SetSysClockTo72                          0x080010fd   Thumb Code   212  system_stm32f10x.o(.text)
    SetSysClock                              0x080011d1   Thumb Code     8  system_stm32f10x.o(.text)
    .text                                    0x080012d8   Section        0  usb_core.o(.text)
    DataStageOut                             0x080016b9   Thumb Code   196  usb_core.o(.text)
    DataStageIn                              0x0800177d   Thumb Code   166  usb_core.o(.text)
    NoData_Setup0                            0x08001823   Thumb Code   288  usb_core.o(.text)
    Data_Setup0                              0x08001943   Thumb Code   664  usb_core.o(.text)
    .text                                    0x08001dd0   Section        0  usb_init.o(.text)
    .text                                    0x08001e0c   Section        0  usb_int.o(.text)
    .text                                    0x08002110   Section        0  usb_mem.o(.text)
    .text                                    0x0800216c   Section        0  usb_regs.o(.text)
    .text                                    0x08002908   Section        0  usb_sil.o(.text)
    .text                                    0x08002988   Section        0  hw_config.o(.text)
    IntToUnicode                             0x08002bd5   Thumb Code    62  hw_config.o(.text)
    .text                                    0x08002c5c   Section        0  usb_endp.o(.text)
    .text                                    0x08002ca0   Section        0  usb_istr.o(.text)
    .text                                    0x08002e44   Section        0  usb_prop.o(.text)
    composite_cdc_hid_SetConfiguration       0x08002e45   Thumb Code    16  usb_prop.o(.text)
    composite_cdc_hid_SetDeviceAddress       0x08002e55   Thumb Code     8  usb_prop.o(.text)
    CustomHID_SetReport_Feature              0x08002e5d   Thumb Code    20  usb_prop.o(.text)
    CustomHID_GetReport_Feature              0x08002e71   Thumb Code    20  usb_prop.o(.text)
    CustomHID_GetReportDescriptor            0x08002e85   Thumb Code    20  usb_prop.o(.text)
    CustomHID_GetHIDDescriptor               0x08002e99   Thumb Code    14  usb_prop.o(.text)
    CustomHID_SetProtocol                    0x08002ea7   Thumb Code    14  usb_prop.o(.text)
    CustomHID_GetProtocolValue               0x08002eb5   Thumb Code    20  usb_prop.o(.text)
    Virtual_Com_Port_GetLineCoding           0x08002ec9   Thumb Code    20  usb_prop.o(.text)
    Virtual_Com_Port_SetLineCoding           0x08002edd   Thumb Code    20  usb_prop.o(.text)
    composite_cdc_hid_init                   0x08002ef1   Thumb Code    30  usb_prop.o(.text)
    composite_cdc_hid_Reset                  0x08002f0f   Thumb Code   264  usb_prop.o(.text)
    composite_cdc_hid_Status_In              0x08003017   Thumb Code     2  usb_prop.o(.text)
    composite_cdc_hid_Status_Out             0x08003019   Thumb Code     2  usb_prop.o(.text)
    composite_cdc_hid_Data_Setup             0x0800301b   Thumb Code   202  usb_prop.o(.text)
    composite_cdc_hid_NoData_Setup           0x080030e5   Thumb Code    62  usb_prop.o(.text)
    composite_cdc_hid_Get_Interface_Setting  0x08003123   Thumb Code     6  usb_prop.o(.text)
    composite_cdc_hid_GetDeviceDescriptor    0x08003129   Thumb Code    14  usb_prop.o(.text)
    composite_cdc_hid_GetConfigDescriptor    0x08003137   Thumb Code    14  usb_prop.o(.text)
    composite_cdc_hid_GetStringDescriptor    0x08003145   Thumb Code    32  usb_prop.o(.text)
    .text                                    0x080031c0   Section        0  usb_pwr.o(.text)
    .text                                    0x080033f8   Section        0  main.o(.text)
    .text                                    0x08003478   Section        0  stm32f10x_it.o(.text)
    .text                                    0x0800349c   Section       36  init.o(.text)
    .text                                    0x080034c0   Section        0  __dczerorl2.o(.text)
    i.__scatterload_copy                     0x0800351c   Section       14  handlers.o(i.__scatterload_copy)
    i.__scatterload_null                     0x0800352a   Section        2  handlers.o(i.__scatterload_null)
    i.__scatterload_zeroinit                 0x0800352c   Section       14  handlers.o(i.__scatterload_zeroinit)
    .constdata                               0x0800353a   Section      248  usb_desc.o(.constdata)
    .data                                    0x20000000   Section       20  stm32f10x_rcc.o(.data)
    APBAHBPrescTable                         0x20000000   Data          16  stm32f10x_rcc.o(.data)
    ADCPrescTable                            0x20000010   Data           4  stm32f10x_rcc.o(.data)
    .data                                    0x20000014   Section       20  system_stm32f10x.o(.data)
    .data                                    0x20000028   Section        4  usb_core.o(.data)
    .data                                    0x2000002c   Section       20  usb_init.o(.data)
    .data                                    0x20000040   Section        4  usb_int.o(.data)
    .data                                    0x20000044   Section       15  hw_config.o(.data)
    .data                                    0x20000053   Section       26  usb_desc.o(.data)
    .data                                    0x2000006d   Section        1  usb_endp.o(.data)
    .data                                    0x20000070   Section       70  usb_istr.o(.data)
    .data                                    0x200000b8   Section      169  usb_prop.o(.data)
    .data                                    0x20000164   Section       14  usb_pwr.o(.data)
    .data                                    0x20000174   Section       20  main.o(.data)
    cnt                                      0x20000174   Data           4  main.o(.data)
    SendDatatoUSB                            0x20000178   Data          16  main.o(.data)
    .bss                                     0x20000188   Section       28  usb_init.o(.bss)
    .bss                                     0x200001a4   Section       80  usb_endp.o(.bss)
    .bss                                     0x200001f4   Section       20  usb_prop.o(.bss)
    .bss                                     0x20000208   Section       32  usb_pwr.o(.bss)
    STACK                                    0x20000228   Section     1024  startup_stm32f10x_hd.o(STACK)

    Global Symbols

    Symbol Name                              Value     Ov Type        Size  Object(Section)

    BuildAttributes$$THM_ISAv4$P$D$K$B$S$PE$A:L22UL41UL21$X:L11$S22US41US21$IEEE1$IW$USESV6$~STKCKD$USESV7$~SHL$OSPACE$EBA8$MICROLIB$REQ8$PRES8$EABIv2 0x00000000   Number         0  anon$$obj.o ABSOLUTE
    __ARM_use_no_argv                        0x00000000   Number         0  main.o ABSOLUTE
    __cpp_initialize__aeabi_                  - Undefined Weak Reference
    __cxa_finalize                            - Undefined Weak Reference
    _clock_init                               - Undefined Weak Reference
    _microlib_exit                            - Undefined Weak Reference
    __Vectors_Size                           0x00000130   Number         0  startup_stm32f10x_hd.o ABSOLUTE
    __Vectors                                0x08000000   Data           4  startup_stm32f10x_hd.o(RESET)
    __Vectors_End                            0x08000130   Data           0  startup_stm32f10x_hd.o(RESET)
    __main                                   0x08000131   Thumb Code     0  entry.o(.ARM.Collect$$$$00000000)
    _main_stk                                0x08000131   Thumb Code     0  entry2.o(.ARM.Collect$$$$00000001)
    _main_scatterload                        0x08000135   Thumb Code     0  entry5.o(.ARM.Collect$$$$00000004)
    __main_after_scatterload                 0x08000139   Thumb Code     0  entry5.o(.ARM.Collect$$$$00000004)
    _main_clock                              0x08000139   Thumb Code     0  entry7b.o(.ARM.Collect$$$$00000008)
    _main_cpp_init                           0x08000139   Thumb Code     0  entry8b.o(.ARM.Collect$$$$0000000A)
    _main_init                               0x08000139   Thumb Code     0  entry9a.o(.ARM.Collect$$$$0000000B)
    __rt_final_cpp                           0x08000141   Thumb Code     0  entry10a.o(.ARM.Collect$$$$0000000D)
    __rt_final_exit                          0x08000141   Thumb Code     0  entry11a.o(.ARM.Collect$$$$0000000F)
    Reset_Handler                            0x08000145   Thumb Code     8  startup_stm32f10x_hd.o(.text)
    ADC1_2_IRQHandler                        0x0800015f   Thumb Code     0  startup_stm32f10x_hd.o(.text)
    ADC3_IRQHandler                          0x0800015f   Thumb Code     0  startup_stm32f10x_hd.o(.text)
    CAN1_RX1_IRQHandler                      0x0800015f   Thumb Code     0  startup_stm32f10x_hd.o(.text)
    CAN1_SCE_IRQHandler                      0x0800015f   Thumb Code     0  startup_stm32f10x_hd.o(.text)
    DMA1_Channel1_IRQHandler                 0x0800015f   Thumb Code     0  startup_stm32f10x_hd.o(.text)
    DMA1_Channel2_IRQHandler                 0x0800015f   Thumb Code     0  startup_stm32f10x_hd.o(.text)
    DMA1_Channel3_IRQHandler                 0x0800015f   Thumb Code     0  startup_stm32f10x_hd.o(.text)
    DMA1_Channel4_IRQHandler                 0x0800015f   Thumb Code     0  startup_stm32f10x_hd.o(.text)
    DMA1_Channel5_IRQHandler                 0x0800015f   Thumb Code     0  startup_stm32f10x_hd.o(.text)
    DMA1_Channel6_IRQHandler                 0x0800015f   Thumb Code     0  startup_stm32f10x_hd.o(.text)
    DMA1_Channel7_IRQHandler                 0x0800015f   Thumb Code     0  startup_stm32f10x_hd.o(.text)
    DMA2_Channel1_IRQHandler                 0x0800015f   Thumb Code     0  startup_stm32f10x_hd.o(.text)
    DMA2_Channel2_IRQHandler                 0x0800015f   Thumb Code     0  startup_stm32f10x_hd.o(.text)
    DMA2_Channel3_IRQHandler                 0x0800015f   Thumb Code     0  startup_stm32f10x_hd.o(.text)
    DMA2_Channel4_5_IRQHandler               0x0800015f   Thumb Code     0  startup_stm32f10x_hd.o(.text)
    EXTI0_IRQHandler                         0x0800015f   Thumb Code     0  startup_stm32f10x_hd.o(.text)
    EXTI15_10_IRQHandler                     0x0800015f   Thumb Code     0  startup_stm32f10x_hd.o(.text)
    EXTI1_IRQHandler                         0x0800015f   Thumb Code     0  startup_stm32f10x_hd.o(.text)
    EXTI2_IRQHandler                         0x0800015f   Thumb Code     0  startup_stm32f10x_hd.o(.text)
    EXTI3_IRQHandler                         0x0800015f   Thumb Code     0  startup_stm32f10x_hd.o(.text)
    EXTI4_IRQHandler                         0x0800015f   Thumb Code     0  startup_stm32f10x_hd.o(.text)
    EXTI9_5_IRQHandler                       0x0800015f   Thumb Code     0  startup_stm32f10x_hd.o(.text)
    FLASH_IRQHandler                         0x0800015f   Thumb Code     0  startup_stm32f10x_hd.o(.text)
    FSMC_IRQHandler                          0x0800015f   Thumb Code     0  startup_stm32f10x_hd.o(.text)
    I2C1_ER_IRQHandler                       0x0800015f   Thumb Code     0  startup_stm32f10x_hd.o(.text)
    I2C1_EV_IRQHandler                       0x0800015f   Thumb Code     0  startup_stm32f10x_hd.o(.text)
    I2C2_ER_IRQHandler                       0x0800015f   Thumb Code     0  startup_stm32f10x_hd.o(.text)
    I2C2_EV_IRQHandler                       0x0800015f   Thumb Code     0  startup_stm32f10x_hd.o(.text)
    PVD_IRQHandler                           0x0800015f   Thumb Code     0  startup_stm32f10x_hd.o(.text)
    RCC_IRQHandler                           0x0800015f   Thumb Code     0  startup_stm32f10x_hd.o(.text)
    RTCAlarm_IRQHandler                      0x0800015f   Thumb Code     0  startup_stm32f10x_hd.o(.text)
    RTC_IRQHandler                           0x0800015f   Thumb Code     0  startup_stm32f10x_hd.o(.text)
    SDIO_IRQHandler                          0x0800015f   Thumb Code     0  startup_stm32f10x_hd.o(.text)
    SPI1_IRQHandler                          0x0800015f   Thumb Code     0  startup_stm32f10x_hd.o(.text)
    SPI2_IRQHandler                          0x0800015f   Thumb Code     0  startup_stm32f10x_hd.o(.text)
    SPI3_IRQHandler                          0x0800015f   Thumb Code     0  startup_stm32f10x_hd.o(.text)
    TAMPER_IRQHandler                        0x0800015f   Thumb Code     0  startup_stm32f10x_hd.o(.text)
    TIM1_BRK_IRQHandler                      0x0800015f   Thumb Code     0  startup_stm32f10x_hd.o(.text)
    TIM1_CC_IRQHandler                       0x0800015f   Thumb Code     0  startup_stm32f10x_hd.o(.text)
    TIM1_TRG_COM_IRQHandler                  0x0800015f   Thumb Code     0  startup_stm32f10x_hd.o(.text)
    TIM1_UP_IRQHandler                       0x0800015f   Thumb Code     0  startup_stm32f10x_hd.o(.text)
    TIM2_IRQHandler                          0x0800015f   Thumb Code     0  startup_stm32f10x_hd.o(.text)
    TIM3_IRQHandler                          0x0800015f   Thumb Code     0  startup_stm32f10x_hd.o(.text)
    TIM4_IRQHandler                          0x0800015f   Thumb Code     0  startup_stm32f10x_hd.o(.text)
    TIM5_IRQHandler                          0x0800015f   Thumb Code     0  startup_stm32f10x_hd.o(.text)
    TIM6_IRQHandler                          0x0800015f   Thumb Code     0  startup_stm32f10x_hd.o(.text)
    TIM7_IRQHandler                          0x0800015f   Thumb Code     0  startup_stm32f10x_hd.o(.text)
    TIM8_BRK_IRQHandler                      0x0800015f   Thumb Code     0  startup_stm32f10x_hd.o(.text)
    TIM8_CC_IRQHandler                       0x0800015f   Thumb Code     0  startup_stm32f10x_hd.o(.text)
    TIM8_TRG_COM_IRQHandler                  0x0800015f   Thumb Code     0  startup_stm32f10x_hd.o(.text)
    TIM8_UP_IRQHandler                       0x0800015f   Thumb Code     0  startup_stm32f10x_hd.o(.text)
    UART4_IRQHandler                         0x0800015f   Thumb Code     0  startup_stm32f10x_hd.o(.text)
    UART5_IRQHandler                         0x0800015f   Thumb Code     0  startup_stm32f10x_hd.o(.text)
    USART1_IRQHandler                        0x0800015f   Thumb Code     0  startup_stm32f10x_hd.o(.text)
    USART2_IRQHandler                        0x0800015f   Thumb Code     0  startup_stm32f10x_hd.o(.text)
    USART3_IRQHandler                        0x0800015f   Thumb Code     0  startup_stm32f10x_hd.o(.text)
    USBWakeUp_IRQHandler                     0x0800015f   Thumb Code     0  startup_stm32f10x_hd.o(.text)
    USB_HP_CAN1_TX_IRQHandler                0x0800015f   Thumb Code     0  startup_stm32f10x_hd.o(.text)
    WWDG_IRQHandler                          0x0800015f   Thumb Code     0  startup_stm32f10x_hd.o(.text)
    NVIC_PriorityGroupConfig                 0x08000169   Thumb Code    10  misc.o(.text)
    NVIC_Init                                0x08000173   Thumb Code   102  misc.o(.text)
    NVIC_SetVectorTable                      0x080001d9   Thumb Code    14  misc.o(.text)
    NVIC_SystemLPConfig                      0x080001e7   Thumb Code    34  misc.o(.text)
    SysTick_CLKSourceConfig                  0x08000209   Thumb Code    40  misc.o(.text)
    ADC_DeInit                               0x08000245   Thumb Code    78  stm32f10x_adc.o(.text)
    ADC_Init                                 0x08000293   Thumb Code    70  stm32f10x_adc.o(.text)
    ADC_StructInit                           0x080002d9   Thumb Code    18  stm32f10x_adc.o(.text)
    ADC_Cmd                                  0x080002eb   Thumb Code    22  stm32f10x_adc.o(.text)
    ADC_DMACmd                               0x08000301   Thumb Code    22  stm32f10x_adc.o(.text)
    ADC_ITConfig                             0x08000317   Thumb Code    24  stm32f10x_adc.o(.text)
    ADC_ResetCalibration                     0x0800032f   Thumb Code    10  stm32f10x_adc.o(.text)
    ADC_GetResetCalibrationStatus            0x08000339   Thumb Code    20  stm32f10x_adc.o(.text)
    ADC_StartCalibration                     0x0800034d   Thumb Code    10  stm32f10x_adc.o(.text)
    ADC_GetCalibrationStatus                 0x08000357   Thumb Code    20  stm32f10x_adc.o(.text)
    ADC_SoftwareStartConvCmd                 0x0800036b   Thumb Code    22  stm32f10x_adc.o(.text)
    ADC_GetSoftwareStartConvStatus           0x08000381   Thumb Code    20  stm32f10x_adc.o(.text)
    ADC_DiscModeChannelCountConfig           0x08000395   Thumb Code    24  stm32f10x_adc.o(.text)
    ADC_DiscModeCmd                          0x080003ad   Thumb Code    22  stm32f10x_adc.o(.text)
    ADC_RegularChannelConfig                 0x080003c3   Thumb Code   184  stm32f10x_adc.o(.text)
    ADC_ExternalTrigConvCmd                  0x0800047b   Thumb Code    22  stm32f10x_adc.o(.text)
    ADC_GetConversionValue                   0x08000491   Thumb Code     8  stm32f10x_adc.o(.text)
    ADC_GetDualModeConversionValue           0x08000499   Thumb Code     8  stm32f10x_adc.o(.text)
    ADC_AutoInjectedConvCmd                  0x080004a1   Thumb Code    22  stm32f10x_adc.o(.text)
    ADC_InjectedDiscModeCmd                  0x080004b7   Thumb Code    22  stm32f10x_adc.o(.text)
    ADC_ExternalTrigInjectedConvConfig       0x080004cd   Thumb Code    16  stm32f10x_adc.o(.text)
    ADC_ExternalTrigInjectedConvCmd          0x080004dd   Thumb Code    22  stm32f10x_adc.o(.text)
    ADC_SoftwareStartInjectedConvCmd         0x080004f3   Thumb Code    22  stm32f10x_adc.o(.text)
    ADC_GetSoftwareStartInjectedConvCmdStatus 0x08000509   Thumb Code    20  stm32f10x_adc.o(.text)
    ADC_InjectedChannelConfig                0x0800051d   Thumb Code   130  stm32f10x_adc.o(.text)
    ADC_InjectedSequencerLengthConfig        0x0800059f   Thumb Code    24  stm32f10x_adc.o(.text)
    ADC_SetInjectedOffset                    0x080005b7   Thumb Code    20  stm32f10x_adc.o(.text)
    ADC_GetInjectedConversionValue           0x080005cb   Thumb Code    28  stm32f10x_adc.o(.text)
    ADC_AnalogWatchdogCmd                    0x080005e7   Thumb Code    16  stm32f10x_adc.o(.text)
    ADC_AnalogWatchdogThresholdsConfig       0x080005f7   Thumb Code     6  stm32f10x_adc.o(.text)
    ADC_AnalogWatchdogSingleChannelConfig    0x080005fd   Thumb Code    16  stm32f10x_adc.o(.text)
    ADC_TempSensorVrefintCmd                 0x0800060d   Thumb Code    64  stm32f10x_adc.o(.text)
    ADC_GetFlagStatus                        0x0800064d   Thumb Code    18  stm32f10x_adc.o(.text)
    ADC_ClearFlag                            0x0800065f   Thumb Code     6  stm32f10x_adc.o(.text)
    ADC_GetITStatus                          0x08000665   Thumb Code    36  stm32f10x_adc.o(.text)
    ADC_ClearITPendingBit                    0x08000689   Thumb Code    10  stm32f10x_adc.o(.text)
    DMA_DeInit                               0x08000695   Thumb Code   324  stm32f10x_dma.o(.text)
    DMA_Init                                 0x080007d9   Thumb Code    60  stm32f10x_dma.o(.text)
    DMA_StructInit                           0x08000815   Thumb Code    26  stm32f10x_dma.o(.text)
    DMA_Cmd                                  0x0800082f   Thumb Code    24  stm32f10x_dma.o(.text)
    DMA_ITConfig                             0x08000847   Thumb Code    18  stm32f10x_dma.o(.text)
    DMA_SetCurrDataCounter                   0x08000859   Thumb Code     4  stm32f10x_dma.o(.text)
    DMA_GetCurrDataCounter                   0x0800085d   Thumb Code     8  stm32f10x_dma.o(.text)
    DMA_GetFlagStatus                        0x08000865   Thumb Code    38  stm32f10x_dma.o(.text)
    DMA_ClearFlag                            0x0800088b   Thumb Code    22  stm32f10x_dma.o(.text)
    DMA_GetITStatus                          0x080008a1   Thumb Code    38  stm32f10x_dma.o(.text)
    DMA_ClearITPendingBit                    0x080008c7   Thumb Code    22  stm32f10x_dma.o(.text)
    EXTI_DeInit                              0x080008e5   Thumb Code    28  stm32f10x_exti.o(.text)
    EXTI_Init                                0x08000901   Thumb Code   142  stm32f10x_exti.o(.text)
    EXTI_StructInit                          0x0800098f   Thumb Code    16  stm32f10x_exti.o(.text)
    EXTI_GenerateSWInterrupt                 0x0800099f   Thumb Code    16  stm32f10x_exti.o(.text)
    EXTI_GetFlagStatus                       0x080009af   Thumb Code    22  stm32f10x_exti.o(.text)
    EXTI_ClearFlag                           0x080009c5   Thumb Code     8  stm32f10x_exti.o(.text)
    EXTI_GetITStatus                         0x080009cd   Thumb Code    34  stm32f10x_exti.o(.text)
    EXTI_ClearITPendingBit                   0x080009ef   Thumb Code     8  stm32f10x_exti.o(.text)
    GPIO_DeInit                              0x08000a01   Thumb Code   172  stm32f10x_gpio.o(.text)
    GPIO_AFIODeInit                          0x08000aad   Thumb Code    20  stm32f10x_gpio.o(.text)
    GPIO_Init                                0x08000ac1   Thumb Code   274  stm32f10x_gpio.o(.text)
    GPIO_StructInit                          0x08000bd3   Thumb Code    16  stm32f10x_gpio.o(.text)
    GPIO_ReadInputDataBit                    0x08000be3   Thumb Code    18  stm32f10x_gpio.o(.text)
    GPIO_ReadInputData                       0x08000bf5   Thumb Code     8  stm32f10x_gpio.o(.text)
    GPIO_ReadOutputDataBit                   0x08000bfd   Thumb Code    18  stm32f10x_gpio.o(.text)
    GPIO_ReadOutputData                      0x08000c0f   Thumb Code     8  stm32f10x_gpio.o(.text)
    GPIO_SetBits                             0x08000c17   Thumb Code     4  stm32f10x_gpio.o(.text)
    GPIO_ResetBits                           0x08000c1b   Thumb Code     4  stm32f10x_gpio.o(.text)
    GPIO_WriteBit                            0x08000c1f   Thumb Code    10  stm32f10x_gpio.o(.text)
    GPIO_Write                               0x08000c29   Thumb Code     4  stm32f10x_gpio.o(.text)
    GPIO_PinLockConfig                       0x08000c2d   Thumb Code    18  stm32f10x_gpio.o(.text)
    GPIO_EventOutputConfig                   0x08000c3f   Thumb Code    26  stm32f10x_gpio.o(.text)
    GPIO_EventOutputCmd                      0x08000c59   Thumb Code     6  stm32f10x_gpio.o(.text)
    GPIO_PinRemapConfig                      0x08000c5f   Thumb Code   138  stm32f10x_gpio.o(.text)
    GPIO_EXTILineConfig                      0x08000ce9   Thumb Code    66  stm32f10x_gpio.o(.text)
    GPIO_ETH_MediaInterfaceConfig            0x08000d2b   Thumb Code     6  stm32f10x_gpio.o(.text)
    RCC_DeInit                               0x08000d59   Thumb Code    64  stm32f10x_rcc.o(.text)
    RCC_HSEConfig                            0x08000d99   Thumb Code    70  stm32f10x_rcc.o(.text)
    RCC_GetFlagStatus                        0x08000ddf   Thumb Code    56  stm32f10x_rcc.o(.text)
    RCC_WaitForHSEStartUp                    0x08000e17   Thumb Code    56  stm32f10x_rcc.o(.text)
    RCC_AdjustHSICalibrationValue            0x08000e4f   Thumb Code    20  stm32f10x_rcc.o(.text)
    RCC_HSICmd                               0x08000e63   Thumb Code     6  stm32f10x_rcc.o(.text)
    RCC_PLLConfig                            0x08000e69   Thumb Code    24  stm32f10x_rcc.o(.text)
    RCC_PLLCmd                               0x08000e81   Thumb Code     6  stm32f10x_rcc.o(.text)
    RCC_SYSCLKConfig                         0x08000e87   Thumb Code    18  stm32f10x_rcc.o(.text)
    RCC_GetSYSCLKSource                      0x08000e99   Thumb Code    10  stm32f10x_rcc.o(.text)
    RCC_HCLKConfig                           0x08000ea3   Thumb Code    18  stm32f10x_rcc.o(.text)
    RCC_PCLK1Config                          0x08000eb5   Thumb Code    18  stm32f10x_rcc.o(.text)
    RCC_PCLK2Config                          0x08000ec7   Thumb Code    20  stm32f10x_rcc.o(.text)
    RCC_ITConfig                             0x08000edb   Thumb Code    26  stm32f10x_rcc.o(.text)
    RCC_USBCLKConfig                         0x08000ef5   Thumb Code     6  stm32f10x_rcc.o(.text)
    RCC_ADCCLKConfig                         0x08000efb   Thumb Code    18  stm32f10x_rcc.o(.text)
    RCC_LSEConfig                            0x08000f0d   Thumb Code    44  stm32f10x_rcc.o(.text)
    RCC_LSICmd                               0x08000f39   Thumb Code     6  stm32f10x_rcc.o(.text)
    RCC_RTCCLKConfig                         0x08000f3f   Thumb Code    12  stm32f10x_rcc.o(.text)
    RCC_RTCCLKCmd                            0x08000f4b   Thumb Code     8  stm32f10x_rcc.o(.text)
    RCC_GetClocksFreq                        0x08000f53   Thumb Code   192  stm32f10x_rcc.o(.text)
    RCC_AHBPeriphClockCmd                    0x08001013   Thumb Code    26  stm32f10x_rcc.o(.text)
    RCC_APB2PeriphClockCmd                   0x0800102d   Thumb Code    26  stm32f10x_rcc.o(.text)
    RCC_APB1PeriphClockCmd                   0x08001047   Thumb Code    26  stm32f10x_rcc.o(.text)
    RCC_APB2PeriphResetCmd                   0x08001061   Thumb Code    26  stm32f10x_rcc.o(.text)
    RCC_APB1PeriphResetCmd                   0x0800107b   Thumb Code    26  stm32f10x_rcc.o(.text)
    RCC_BackupResetCmd                       0x08001095   Thumb Code     8  stm32f10x_rcc.o(.text)
    RCC_ClockSecuritySystemCmd               0x0800109d   Thumb Code     6  stm32f10x_rcc.o(.text)
    RCC_MCOConfig                            0x080010a3   Thumb Code     6  stm32f10x_rcc.o(.text)
    RCC_ClearFlag                            0x080010a9   Thumb Code    14  stm32f10x_rcc.o(.text)
    RCC_GetITStatus                          0x080010b7   Thumb Code    20  stm32f10x_rcc.o(.text)
    RCC_ClearITPendingBit                    0x080010cb   Thumb Code     6  stm32f10x_rcc.o(.text)
    SystemInit                               0x080011d9   Thumb Code    78  system_stm32f10x.o(.text)
    SystemCoreClockUpdate                    0x08001227   Thumb Code   142  system_stm32f10x.o(.text)
    Standard_GetConfiguration                0x080012d9   Thumb Code    34  usb_core.o(.text)
    Standard_SetConfiguration                0x080012fb   Thumb Code    60  usb_core.o(.text)
    Standard_GetInterface                    0x08001337   Thumb Code    34  usb_core.o(.text)
    Standard_SetInterface                    0x08001359   Thumb Code    96  usb_core.o(.text)
    Standard_GetStatus                       0x080013b9   Thumb Code   230  usb_core.o(.text)
    Standard_ClearFeature                    0x0800149f   Thumb Code   308  usb_core.o(.text)
    Standard_SetEndPointFeature              0x080015d3   Thumb Code   168  usb_core.o(.text)
    Standard_SetDeviceFeature                0x0800167b   Thumb Code    30  usb_core.o(.text)
    Standard_GetDescriptorData               0x08001699   Thumb Code    32  usb_core.o(.text)
    Post0_Process                            0x08001bdb   Thumb Code    54  usb_core.o(.text)
    Setup0_Process                           0x08001c11   Thumb Code   170  usb_core.o(.text)
    SetDeviceAddress                         0x08001cbb   Thumb Code    66  usb_core.o(.text)
    In0_Process                              0x08001cfd   Thumb Code    98  usb_core.o(.text)
    Out0_Process                             0x08001d5f   Thumb Code    70  usb_core.o(.text)
    NOP_Process                              0x08001da5   Thumb Code     2  usb_core.o(.text)
    USB_Init                                 0x08001dd1   Thumb Code    36  usb_init.o(.text)
    CTR_LP                                   0x08001e0d   Thumb Code   588  usb_int.o(.text)
    CTR_HP                                   0x08002059   Thumb Code   156  usb_int.o(.text)
    UserToPMABufferCopy                      0x08002111   Thumb Code    52  usb_mem.o(.text)
    PMAToUserBufferCopy                      0x08002145   Thumb Code    34  usb_mem.o(.text)
    SetCNTR                                  0x0800216d   Thumb Code     6  usb_regs.o(.text)
    GetCNTR                                  0x08002173   Thumb Code     8  usb_regs.o(.text)
    SetISTR                                  0x0800217b   Thumb Code     8  usb_regs.o(.text)
    GetISTR                                  0x08002183   Thumb Code    10  usb_regs.o(.text)
    GetFNR                                   0x0800218d   Thumb Code    10  usb_regs.o(.text)
    SetDADDR                                 0x08002197   Thumb Code     8  usb_regs.o(.text)
    GetDADDR                                 0x0800219f   Thumb Code    10  usb_regs.o(.text)
    SetBTABLE                                0x080021a9   Thumb Code    14  usb_regs.o(.text)
    GetBTABLE                                0x080021b7   Thumb Code    10  usb_regs.o(.text)
    SetENDPOINT                              0x080021c1   Thumb Code    10  usb_regs.o(.text)
    GetENDPOINT                              0x080021cb   Thumb Code    14  usb_regs.o(.text)
    SetEPType                                0x080021d9   Thumb Code    26  usb_regs.o(.text)
    GetEPType                                0x080021f3   Thumb Code    16  usb_regs.o(.text)
    SetEPTxStatus                            0x08002203   Thumb Code    56  usb_regs.o(.text)
    SetEPRxStatus                            0x0800223b   Thumb Code    56  usb_regs.o(.text)
    SetDouBleBuffEPStall                     0x08002273   Thumb Code    50  usb_regs.o(.text)
    GetEPTxStatus                            0x080022a5   Thumb Code    16  usb_regs.o(.text)
    GetEPRxStatus                            0x080022b5   Thumb Code    16  usb_regs.o(.text)
    SetEPTxValid                             0x080022c5   Thumb Code    42  usb_regs.o(.text)
    SetEPRxValid                             0x080022ef   Thumb Code    42  usb_regs.o(.text)
    SetEP_KIND                               0x08002319   Thumb Code    34  usb_regs.o(.text)
    ClearEP_KIND                             0x0800233b   Thumb Code    30  usb_regs.o(.text)
    Clear_Status_Out                         0x08002359   Thumb Code    30  usb_regs.o(.text)
    Set_Status_Out                           0x08002377   Thumb Code    34  usb_regs.o(.text)
    SetEPDoubleBuff                          0x08002399   Thumb Code    34  usb_regs.o(.text)
    ClearEPDoubleBuff                        0x080023bb   Thumb Code    30  usb_regs.o(.text)
    GetTxStallStatus                         0x080023d9   Thumb Code    26  usb_regs.o(.text)
    GetRxStallStatus                         0x080023f3   Thumb Code    28  usb_regs.o(.text)
    ClearEP_CTR_RX                           0x0800240f   Thumb Code    28  usb_regs.o(.text)
    ClearEP_CTR_TX                           0x0800242b   Thumb Code    24  usb_regs.o(.text)
    ToggleDTOG_RX                            0x08002443   Thumb Code    30  usb_regs.o(.text)
    ToggleDTOG_TX                            0x08002461   Thumb Code    30  usb_regs.o(.text)
    ClearDTOG_RX                             0x0800247f   Thumb Code    44  usb_regs.o(.text)
    ClearDTOG_TX                             0x080024ab   Thumb Code    44  usb_regs.o(.text)
    SetEPAddress                             0x080024d7   Thumb Code    32  usb_regs.o(.text)
    GetEPAddress                             0x080024f7   Thumb Code    16  usb_regs.o(.text)
    SetEPTxAddr                              0x08002507   Thumb Code    26  usb_regs.o(.text)
    SetEPRxAddr                              0x08002521   Thumb Code    28  usb_regs.o(.text)
    GetEPTxAddr                              0x0800253d   Thumb Code    32  usb_regs.o(.text)
    GetEPRxAddr                              0x0800255d   Thumb Code    24  usb_regs.o(.text)
    SetEPTxCount                             0x08002575   Thumb Code    20  usb_regs.o(.text)
    SetEPCountRxReg                          0x08002589   Thumb Code    48  usb_regs.o(.text)
    SetEPRxCount                             0x080025b9   Thumb Code    68  usb_regs.o(.text)
    GetEPTxCount                             0x080025fd   Thumb Code    26  usb_regs.o(.text)
    GetEPRxCount                             0x08002617   Thumb Code    26  usb_regs.o(.text)
    SetEPDblBuffAddr                         0x08002631   Thumb Code    44  usb_regs.o(.text)
    SetEPDblBuf0Addr                         0x0800265d   Thumb Code    24  usb_regs.o(.text)
    SetEPDblBuf1Addr                         0x08002675   Thumb Code    26  usb_regs.o(.text)
    GetEPDblBuf0Addr                         0x0800268f   Thumb Code    22  usb_regs.o(.text)
    GetEPDblBuf1Addr                         0x080026a5   Thumb Code    24  usb_regs.o(.text)
    SetEPDblBuffCount                        0x080026bd   Thumb Code   186  usb_regs.o(.text)
    SetEPDblBuf0Count                        0x08002777   Thumb Code    96  usb_regs.o(.text)
    SetEPDblBuf1Count                        0x080027d7   Thumb Code    96  usb_regs.o(.text)
    GetEPDblBuf0Count                        0x08002837   Thumb Code    26  usb_regs.o(.text)
    GetEPDblBuf1Count                        0x08002851   Thumb Code    26  usb_regs.o(.text)
    GetEPDblBufDir                           0x0800286b   Thumb Code    62  usb_regs.o(.text)
    FreeUserBuffer                           0x080028a9   Thumb Code    68  usb_regs.o(.text)
    ToWord                                   0x080028ed   Thumb Code     8  usb_regs.o(.text)
    ByteSwap                                 0x080028f5   Thumb Code    12  usb_regs.o(.text)
    USB_SIL_Init                             0x08002909   Thumb Code    28  usb_sil.o(.text)
    USB_SIL_Write                            0x08002925   Thumb Code    46  usb_sil.o(.text)
    USB_SIL_Read                             0x08002953   Thumb Code    46  usb_sil.o(.text)
    Set_USBClock                             0x08002989   Thumb Code    18  hw_config.o(.text)
    GPIO_Configuration                       0x0800299b   Thumb Code    46  hw_config.o(.text)
    Set_System                               0x080029c9   Thumb Code    12  hw_config.o(.text)
    Enter_LowPowerMode                       0x080029d5   Thumb Code     8  hw_config.o(.text)
    Leave_LowPowerMode                       0x080029dd   Thumb Code    28  hw_config.o(.text)
    USB_Interrupts_Config                    0x080029f9   Thumb Code   120  hw_config.o(.text)
    USB_Cable_Config                         0x08002a71   Thumb Code    26  hw_config.o(.text)
    EXTI_Configuration                       0x08002a8b   Thumb Code   112  hw_config.o(.text)
    ADC_Configuration                        0x08002afb   Thumb Code   218  hw_config.o(.text)
    Get_SerialNum                            0x08002c13   Thumb Code    42  hw_config.o(.text)
    EP1_OUT_Callback                         0x08002c5d   Thumb Code    22  usb_endp.o(.text)
    EP1_IN_Callback                          0x08002c73   Thumb Code     2  usb_endp.o(.text)
    EP3_OUT_Callback                         0x08002c75   Thumb Code    22  usb_endp.o(.text)
    EP3_IN_Callback                          0x08002c8b   Thumb Code     8  usb_endp.o(.text)
    USB_Istr                                 0x08002ca1   Thumb Code   392  usb_istr.o(.text)
    PowerOn                                  0x080031c1   Thumb Code    54  usb_pwr.o(.text)
    PowerOff                                 0x080031f7   Thumb Code    28  usb_pwr.o(.text)
    Suspend                                  0x08003213   Thumb Code   234  usb_pwr.o(.text)
    Resume_Init                              0x080032fd   Thumb Code    30  usb_pwr.o(.text)
    Resume                                   0x0800331b   Thumb Code   194  usb_pwr.o(.text)
    test_hid_from_pc                         0x080033f9   Thumb Code    86  main.o(.text)
    main                                     0x0800344f   Thumb Code    20  main.o(.text)
    NMI_Handler                              0x08003479   Thumb Code     2  stm32f10x_it.o(.text)
    HardFault_Handler                        0x0800347b   Thumb Code     4  stm32f10x_it.o(.text)
    MemManage_Handler                        0x0800347f   Thumb Code     4  stm32f10x_it.o(.text)
    BusFault_Handler                         0x08003483   Thumb Code     4  stm32f10x_it.o(.text)
    UsageFault_Handler                       0x08003487   Thumb Code     4  stm32f10x_it.o(.text)
    SVC_Handler                              0x0800348b   Thumb Code     2  stm32f10x_it.o(.text)
    DebugMon_Handler                         0x0800348d   Thumb Code     2  stm32f10x_it.o(.text)
    PendSV_Handler                           0x0800348f   Thumb Code     2  stm32f10x_it.o(.text)
    SysTick_Handler                          0x08003491   Thumb Code     2  stm32f10x_it.o(.text)
    USB_LP_CAN1_RX0_IRQHandler               0x08003493   Thumb Code     8  stm32f10x_it.o(.text)
    __scatterload                            0x0800349d   Thumb Code    28  init.o(.text)
    __scatterload_rt2                        0x0800349d   Thumb Code     0  init.o(.text)
    __decompress                             0x080034c1   Thumb Code     0  __dczerorl2.o(.text)
    __decompress1                            0x080034c1   Thumb Code    92  __dczerorl2.o(.text)
    __scatterload_copy                       0x0800351d   Thumb Code    14  handlers.o(i.__scatterload_copy)
    __scatterload_null                       0x0800352b   Thumb Code     2  handlers.o(i.__scatterload_null)
    __scatterload_zeroinit                   0x0800352d   Thumb Code    14  handlers.o(i.__scatterload_zeroinit)
    Composite_DeviceDescriptor               0x0800353a   Data          18  usb_desc.o(.constdata)
    Composite_ConfigDescriptor               0x0800354c   Data         107  usb_desc.o(.constdata)
    CustomHID_ReportDescriptor               0x080035b7   Data          33  usb_desc.o(.constdata)
    Composite_StringLangID                   0x080035d8   Data           4  usb_desc.o(.constdata)
    Composite_StringVendor                   0x080035dc   Data          38  usb_desc.o(.constdata)
    Composite_StringProduct                  0x08003602   Data          48  usb_desc.o(.constdata)
    Region$$Table$$Base                      0x08003634   Number         0  anon$$obj.o(Region$$Table)
    Region$$Table$$Limit                     0x08003654   Number         0  anon$$obj.o(Region$$Table)
    SystemCoreClock                          0x20000014   Data           4  system_stm32f10x.o(.data)
    AHBPrescTable                            0x20000018   Data          16  system_stm32f10x.o(.data)
    Data_Mul_MaxPacketSize                   0x20000028   Data           1  usb_core.o(.data)
    StatusInfo                               0x2000002a   Data           2  usb_core.o(.data)
    EPindex                                  0x2000002c   Data           1  usb_init.o(.data)
    pInformation                             0x20000030   Data           4  usb_init.o(.data)
    pProperty                                0x20000034   Data           4  usb_init.o(.data)
    SaveState                                0x20000038   Data           2  usb_init.o(.data)
    wInterrupt_Mask                          0x2000003a   Data           2  usb_init.o(.data)
    pUser_Standard_Requests                  0x2000003c   Data           4  usb_init.o(.data)
    SaveRState                               0x20000040   Data           2  usb_int.o(.data)
    SaveTState                               0x20000042   Data           2  usb_int.o(.data)
    ADC_ConvertedValueX                      0x20000044   Data           4  hw_config.o(.data)
    ADC_ConvertedValueX_1                    0x20000048   Data           4  hw_config.o(.data)
    ADC1ConvertedValue                       0x2000004c   Data           2  hw_config.o(.data)
    ADC1ConvertedVoltage                     0x2000004e   Data           2  hw_config.o(.data)
    calibration_value                        0x20000050   Data           2  hw_config.o(.data)
    HSEStartUpStatus                         0x20000052   Data           1  hw_config.o(.data)
    Composite_StringSerial                   0x20000053   Data          26  usb_desc.o(.data)
    PrevXferComplete                         0x2000006d   Data           1  usb_endp.o(.data)
    bIntPackSOF                              0x20000070   Data           1  usb_istr.o(.data)
    esof_counter                             0x20000074   Data           4  usb_istr.o(.data)
    wCNTR                                    0x20000078   Data           4  usb_istr.o(.data)
    pEpInt_IN                                0x2000007c   Data          28  usb_istr.o(.data)
    pEpInt_OUT                               0x20000098   Data          28  usb_istr.o(.data)
    wIstr                                    0x200000b4   Data           2  usb_istr.o(.data)
    Request                                  0x200000b8   Data           1  usb_prop.o(.data)
    data_processed                           0x200000b9   Data           1  usb_prop.o(.data)
    linecoding                               0x200000bc   Data           8  usb_prop.o(.data)
    Device_Table                             0x200000c4   Data           2  usb_prop.o(.data)
    Device_Descriptor                        0x200000c8   Data           8  usb_prop.o(.data)
    Config_Descriptor                        0x200000d0   Data           8  usb_prop.o(.data)
    CustomHID_Report_Descriptor              0x200000d8   Data           8  usb_prop.o(.data)
    CustomHID_Hid_Descriptor                 0x200000e0   Data           8  usb_prop.o(.data)
    String_Descriptor                        0x200000e8   Data          32  usb_prop.o(.data)
    Device_Property                          0x20000108   Data          48  usb_prop.o(.data)
    User_Standard_Requests                   0x20000138   Data          36  usb_prop.o(.data)
    ProtocolValue                            0x2000015c   Data           4  usb_prop.o(.data)
    EXTI_Enable                              0x20000160   Data           1  usb_prop.o(.data)
    bDeviceState                             0x20000164   Data           4  usb_pwr.o(.data)
    fSuspendEnabled                          0x20000168   Data           1  usb_pwr.o(.data)
    remotewakeupon                           0x2000016c   Data           4  usb_pwr.o(.data)
    ResumeS                                  0x20000170   Data           2  usb_pwr.o(.data)
    Device_Info                              0x20000188   Data          28  usb_init.o(.bss)
    Receive_Buffer_from_hid                  0x200001a4   Data          16  usb_endp.o(.bss)
    Receive_Buffer_from_vcp                  0x200001b4   Data          64  usb_endp.o(.bss)
    Report_Buf_Rx                            0x200001f4   Data          10  usb_prop.o(.bss)
    Report_Buf_Tx                            0x200001fe   Data          10  usb_prop.o(.bss)
    EP                                       0x20000208   Data          32  usb_pwr.o(.bss)
    __initial_sp                             0x20000628   Data           0  startup_stm32f10x_hd.o(STACK)



==============================================================================

Memory Map of the image

  Image Entry point : 0x08000131

  Load Region LR_IROM1 (Base: 0x08000000, Size: 0x000037dc, Max: 0x00040000, ABSOLUTE, COMPRESSED[0x000036fc])

    Execution Region ER_IROM1 (Base: 0x08000000, Size: 0x00003654, Max: 0x00040000, ABSOLUTE)

    Base Addr    Size         Type   Attr      Idx    E Section Name        Object

    0x08000000   0x00000130   Data   RO            3    RESET               startup_stm32f10x_hd.o
    0x08000130   0x00000000   Code   RO          823  * .ARM.Collect$$$$00000000  mc_w.l(entry.o)
    0x08000130   0x00000004   Code   RO          826    .ARM.Collect$$$$00000001  mc_w.l(entry2.o)
    0x08000134   0x00000004   Code   RO          829    .ARM.Collect$$$$00000004  mc_w.l(entry5.o)
    0x08000138   0x00000000   Code   RO          831    .ARM.Collect$$$$00000008  mc_w.l(entry7b.o)
    0x08000138   0x00000000   Code   RO          833    .ARM.Collect$$$$0000000A  mc_w.l(entry8b.o)
    0x08000138   0x00000008   Code   RO          834    .ARM.Collect$$$$0000000B  mc_w.l(entry9a.o)
    0x08000140   0x00000000   Code   RO          836    .ARM.Collect$$$$0000000D  mc_w.l(entry10a.o)
    0x08000140   0x00000000   Code   RO          838    .ARM.Collect$$$$0000000F  mc_w.l(entry11a.o)
    0x08000140   0x00000004   Code   RO          827    .ARM.Collect$$$$00002712  mc_w.l(entry2.o)
    0x08000144   0x00000024   Code   RO            4    .text               startup_stm32f10x_hd.o
    0x08000168   0x000000dc   Code   RO           10    .text               misc.o
    0x08000244   0x0000044e   Code   RO          109    .text               stm32f10x_adc.o
    0x08000692   0x00000002   PAD
    0x08000694   0x00000250   Code   RO          193    .text               stm32f10x_dma.o
    0x080008e4   0x0000011c   Code   RO          205    .text               stm32f10x_exti.o
    0x08000a00   0x00000358   Code   RO          241    .text               stm32f10x_gpio.o
    0x08000d58   0x000003a4   Code   RO          289    .text               stm32f10x_rcc.o
    0x080010fc   0x000001dc   Code   RO          385    .text               system_stm32f10x.o
    0x080012d8   0x00000af8   Code   RO          403    .text               usb_core.o
    0x08001dd0   0x0000003c   Code   RO          460    .text               usb_init.o
    0x08001e0c   0x00000304   Code   RO          483    .text               usb_int.o
    0x08002110   0x0000005c   Code   RO          507    .text               usb_mem.o
    0x0800216c   0x0000079c   Code   RO          519    .text               usb_regs.o
    0x08002908   0x00000080   Code   RO          531    .text               usb_sil.o
    0x08002988   0x000002d4   Code   RO          543    .text               hw_config.o
    0x08002c5c   0x00000044   Code   RO          704    .text               usb_endp.o
    0x08002ca0   0x000001a4   Code   RO          723    .text               usb_istr.o
    0x08002e44   0x0000037c   Code   RO          747    .text               usb_prop.o
    0x080031c0   0x00000238   Code   RO          771    .text               usb_pwr.o
    0x080033f8   0x00000080   Code   RO          790    .text               main.o
    0x08003478   0x00000022   Code   RO          808    .text               stm32f10x_it.o
    0x0800349a   0x00000002   PAD
    0x0800349c   0x00000024   Code   RO          840    .text               mc_w.l(init.o)
    0x080034c0   0x0000005c   Code   RO          850    .text               mc_w.l(__dczerorl2.o)
    0x0800351c   0x0000000e   Code   RO          844    i.__scatterload_copy  mc_w.l(handlers.o)
    0x0800352a   0x00000002   Code   RO          845    i.__scatterload_null  mc_w.l(handlers.o)
    0x0800352c   0x0000000e   Code   RO          846    i.__scatterload_zeroinit  mc_w.l(handlers.o)
    0x0800353a   0x000000f8   Data   RO          691    .constdata          usb_desc.o
    0x08003632   0x00000002   PAD
    0x08003634   0x00000020   Data   RO          842    Region$$Table       anon$$obj.o


    Execution Region RW_IRAM1 (Base: 0x20000000, Size: 0x00000628, Max: 0x00010000, ABSOLUTE, COMPRESSED[0x000000a8])

    Base Addr    Size         Type   Attr      Idx    E Section Name        Object

    0x20000000   0x00000014   Data   RW          290    .data               stm32f10x_rcc.o
    0x20000014   0x00000014   Data   RW          386    .data               system_stm32f10x.o
    0x20000028   0x00000004   Data   RW          404    .data               usb_core.o
    0x2000002c   0x00000014   Data   RW          462    .data               usb_init.o
    0x20000040   0x00000004   Data   RW          484    .data               usb_int.o
    0x20000044   0x0000000f   Data   RW          544    .data               hw_config.o
    0x20000053   0x0000001a   Data   RW          692    .data               usb_desc.o
    0x2000006d   0x00000001   Data   RW          706    .data               usb_endp.o
    0x2000006e   0x00000002   PAD
    0x20000070   0x00000046   Data   RW          724    .data               usb_istr.o
    0x200000b6   0x00000002   PAD
    0x200000b8   0x000000a9   Data   RW          749    .data               usb_prop.o
    0x20000161   0x00000003   PAD
    0x20000164   0x0000000e   Data   RW          773    .data               usb_pwr.o
    0x20000172   0x00000002   PAD
    0x20000174   0x00000014   Data   RW          791    .data               main.o
    0x20000188   0x0000001c   Zero   RW          461    .bss                usb_init.o
    0x200001a4   0x00000050   Zero   RW          705    .bss                usb_endp.o
    0x200001f4   0x00000014   Zero   RW          748    .bss                usb_prop.o
    0x20000208   0x00000020   Zero   RW          772    .bss                usb_pwr.o
    0x20000228   0x00000400   Zero   RW            1    STACK               startup_stm32f10x_hd.o


==============================================================================

Image component sizes


      Code (inc. data)   RO Data    RW Data    ZI Data      Debug   Object Name

       724         32          0         15          0     240320   hw_config.o
       128         22          0         20          0        596   main.o
       220         20          0          0          0     248365   misc.o
        36          8        304          0       1024        780   startup_stm32f10x_hd.o
      1102         26          0          0          0      10685   stm32f10x_adc.o
       592          8          0          0          0       4182   stm32f10x_dma.o
       284         10          0          0          0       2087   stm32f10x_exti.o
       856         40          0          0          0       5501   stm32f10x_gpio.o
        34          0          0          0          0       1341   stm32f10x_it.o
       932         44          0         20          0       8616   stm32f10x_rcc.o
       476         36          0         20          0       1655   system_stm32f10x.o
      2808        104          0          4          0      19631   usb_core.o
         0          0        248         26          0        984   usb_desc.o
        68         14          0          1         80       1519   usb_endp.o
        60         24          0         20         28       3866   usb_init.o
       772         28          0          4          0       1703   usb_int.o
       420         28          0         70          0       2535   usb_istr.o
        92          6          0          0          0       1270   usb_mem.o
       892         92          0        169         20       8016   usb_prop.o
       568         36          0         14         32       2807   usb_pwr.o
      1948         16          0          0          0      11437   usb_regs.o
       128          8          0          0          0       1294   usb_sil.o

    ----------------------------------------------------------------------
     13144        602        586        392       1184     579190   Object Totals
         0          0         32          0          0          0   (incl. Generated)
         4          0          2          9          0          0   (incl. Padding)

    ----------------------------------------------------------------------

      Code (inc. data)   RO Data    RW Data    ZI Data      Debug   Library Member Name

        92          0          0          0          0          0   __dczerorl2.o
         0          0          0          0          0          0   entry.o
         0          0          0          0          0          0   entry10a.o
         0          0          0          0          0          0   entry11a.o
         8          4          0          0          0          0   entry2.o
         4          0          0          0          0          0   entry5.o
         0          0          0          0          0          0   entry7b.o
         0          0          0          0          0          0   entry8b.o
         8          4          0          0          0          0   entry9a.o
        30          0          0          0          0          0   handlers.o
        36          8          0          0          0         68   init.o

    ----------------------------------------------------------------------
       178         16          0          0          0         68   Library Totals
         0          0          0          0          0          0   (incl. Padding)

    ----------------------------------------------------------------------

      Code (inc. data)   RO Data    RW Data    ZI Data      Debug   Library Name

       178         16          0          0          0         68   mc_w.l

    ----------------------------------------------------------------------
       178         16          0          0          0         68   Library Totals

    ----------------------------------------------------------------------

==============================================================================


      Code (inc. data)   RO Data    RW Data    ZI Data      Debug   

     13322        618        586        392       1184     577282   Grand Totals
     13322        618        586        168       1184     577282   ELF Image Totals (compressed)
     13322        618        586        168          0          0   ROM Totals

==============================================================================

    Total RO  Size (Code + RO Data)                13908 (  13.58kB)
    Total RW  Size (RW Data + ZI Data)              1576 (   1.54kB)
    Total ROM Size (Code + RO Data + RW Data)      14076 (  13.75kB)

==============================================================================

