<html>
<body>
<pre>
<h1>µVision Build Log</h1>
<h2>Project:</h2>
E:\Project\test\usb_composite\stm32_firmware\USR\usb_composite.uvproj
Project File Date:  10/13/2015

<h2>Output:</h2>
Build target 'usb_composite'
linking...
Program Size: Code=13062 RO-data=594 RW-data=372 ZI-data=1180  
FromELF: creating hex file...
"..\Output\usb_composite.axf" - 0 Error(s), 0 Warning(s).
Load "..\\Output\\usb_composite.axf" 
Set JLink Project File to "E:\Project\test\usb_composite\stm32_firmware\USR\JLinkSettings.ini"
* JLink Info: Device "STM32F103VE" selected (512 KB flash, 64 KB RAM).
 
JLink info:
------------
DLL: V4.76d, compiled Sep 13 2013 16:35:06
Firmware: J-Link ARM V8 compiled Jul 17 2013 11:24:15
Hardware: V8.00
Feature(s) : RDI,FlashDL,FlashBP,JFlash,GDBFULL 
 
* JLink Info: Found SWD-DP with ID 0x1BA01477
* JLink Info: Found SWD-DP with ID 0x1BA01477
* JLink Info: Found Cortex-M3 r1p1, Little endian.
* JLink Info: FPUnit: 6 code (BP) slots and 2 literal slots
* JLink Info: TPIU fitted.
* JLink Info: ETM fitted.
ROMTableAddr = 0xE00FF003
 
Target info:
------------
Device: STM32F103VE
VTarget = 3.183V
State of Pins: 
TCK: 0, TDI: 1, TDO: 1, TMS: 1, TRES: 1, TRST: 1
Hardware-Breakpoints: 6
Software-Breakpoints: 8192
Watchpoints:          4
JTAG speed: 2000 kHz
 
No Algorithm found for: 00008000H - 0000B5F3H
Erase skipped!
Error: Flash Download failed  -  "Cortex-M3"
 
FromELF: creating hex file...
"..\Output\usb_composite.axf" - 0 Error(s), 0 Warning(s).
Load "..\\Output\\usb_composite.axf" 
Set JLink Project File to "E:\Project\test\usb_composite\stm32_firmware\USR\JLinkSettings.ini"
* JLink Info: Device "STM32F103VE" selected (512 KB flash, 64 KB RAM).
 
JLink info:
------------
DLL: V4.76d, compiled Sep 13 2013 16:35:06
Firmware: J-Link ARM V8 compiled Jul 17 2013 11:24:15
Hardware: V8.00
Feature(s) : RDI,FlashDL,FlashBP,JFlash,GDBFULL 
 
* JLink Info: Found SWD-DP with ID 0x1BA01477
* JLink Info: Found SWD-DP with ID 0x1BA01477
* JLink Info: Found Cortex-M3 r1p1, Little endian.
* JLink Info: FPUnit: 6 code (BP) slots and 2 literal slots
* JLink Info: TPIU fitted.
* JLink Info: ETM fitted.
ROMTableAddr = 0xE00FF003
 
Target info:
------------
Device: STM32F103VE
VTarget = 3.170V
State of Pins: 
TCK: 0, TDI: 1, TDO: 1, TMS: 1, TRES: 1, TRST: 1
Hardware-Breakpoints: 6
Software-Breakpoints: 8192
Watchpoints:          4
JTAG speed: 2000 kHz
 
No Algorithm found for: 00008000H - 0000B5F3H
Erase skipped!
Error: Flash Download failed  -  "Cortex-M3"
Load "..\\Output\\usb_composite.axf" 
Set JLink Project File to "E:\Project\test\usb_composite\stm32_firmware\USR\JLinkSettings.ini"
* JLink Info: Device "STM32F103VE" selected (512 KB flash, 64 KB RAM).
 
JLink info:
------------
DLL: V4.76d, compiled Sep 13 2013 16:35:06
Firmware: J-Link ARM V8 compiled Jul 17 2013 11:24:15
Hardware: V8.00
Feature(s) : RDI,FlashDL,FlashBP,JFlash,GDBFULL 
 
* JLink Info: Found SWD-DP with ID 0x1BA01477
* JLink Info: Found SWD-DP with ID 0x1BA01477
* JLink Info: Found Cortex-M3 r1p1, Little endian.
* JLink Info: FPUnit: 6 code (BP) slots and 2 literal slots
* JLink Info: TPIU fitted.
* JLink Info: ETM fitted.
ROMTableAddr = 0xE00FF003
 
Target info:
------------
Device: STM32F103VE
VTarget = 3.170V
State of Pins: 
TCK: 0, TDI: 1, TDO: 1, TMS: 1, TRES: 1, TRST: 1
Hardware-Breakpoints: 6
Software-Breakpoints: 8192
Watchpoints:          4
JTAG speed: 2000 kHz
 
No Algorithm found for: 00008000H - 0000B5F3H
Erase skipped!
Error: Flash Download failed  -  "Cortex-M3"
omposite_cdc_hid_init,
..\hid_cdc\ports\usb_prop.c(492): error:  #20: identifier "composite_cdc_hid_Reset" is undefined
      composite_cdc_hid_Reset,
..\hid_cdc\ports\usb_prop.c(514): warning:  #676-D: using out-of-scope declaration of function "composite_cdc_hid_SetDeviceAddress" (declared at line 87)
      composite_cdc_hid_SetDeviceAddress
..\hid_cdc\ports\usb_prop.c: 6 warnings, 16 errors
"..\Output\usb_composite.axf" - 18 Error(s), 7 Warning(s).
Target not created
): error:  #20: identifier "CUSTOMHID_SIZ_STRING_VENDOR" is undefined
      {(uint8_t*)Composite_StringVendor, CUSTOMHID_SIZ_STRING_VENDOR},
..\hid_cdc\ports\usb_prop.c(122): error:  #20: identifier "CUSTOMHID_SIZ_STRING_PRODUCT" is undefined
      {(uint8_t*)Composite_StringProduct, CUSTOMHID_SIZ_STRING_PRODUCT},
..\hid_cdc\ports\usb_prop.c(123): error:  #20: identifier "CUSTOMHID_SIZ_STRING_SERIAL" is undefined
      {(uint8_t*)Composite_StringSerial, CUSTOMHID_SIZ_STRING_SERIAL}
..\hid_cdc\ports\usb_prop.c(147): error:  #268: declaration may not appear after executable statement in block
  static void composite_cdc_hid_SetDeviceAddress (void)
..\hid_cdc\ports\usb_prop.c(147): error:  #67: expected a "}"
  static void composite_cdc_hid_SetDeviceAddress (void)
..\hid_cdc\ports\usb_prop.c(413): warning:  #513-D: a value of type "RESULT (*)(void)" cannot be assigned to an entity of type "uint8_t *(*)(uint16_t)"
                  CopyRoutine =  CustomHID_SetProtocol ;
..\hid_cdc\ports\usb_prop.c(431): error:  #29: expected an expression
    /
..\hid_cdc\ports\usb_prop.c(451): warning:  #12-D: parsing restarts here after previous syntax error
    pInformation->Ctrl_Info.CopyData = CopyRoutine;
..\hid_cdc\ports\usb_prop.c(472): error:  #20: identifier "SET_COMM_FEATURE" is undefined
      if (RequestNo == SET_COMM_FEATURE){
..\hid_cdc\ports\usb_prop.c(475): error:  #20: identifier "SET_CONTROL_LINE_STATE" is undefined
      else if (RequestNo == SET_CONTROL_LINE_STATE){
..\hid_cdc\ports\usb_prop.c(484): warning:  #940-D: missing return statement at end of non-void function "composite_cdc_hid_NoData_Setup"
  }
..\hid_cdc\ports\usb_prop.c(133): warning:  #177-D: function "composite_cdc_hidSetConfiguration" was declared but never referenced
  static void composite_cdc_hidSetConfiguration(void)
..\hid_cdc\ports\usb_prop.c(147): warning:  #177-D: function "composite_cdc_hid_SetDeviceAddress" was declared but never referenced
  static void composite_cdc_hid_SetDeviceAddress (void)
..\hid_cdc\ports\usb_prop.c(251): warning:  #177-D: function "Virtual_Com_Port_GetLineCoding" was declared but never referenced
  static uint8_t *Virtual_Com_Port_GetLineCoding(uint16_t Length)
..\hid_cdc\ports\usb_prop.c(268): warning:  #177-D: function "Virtual_Com_Port_SetLineCoding" was declared but never referenced
  static uint8_t *Virtual_Com_Port_SetLineCoding(uint16_t Length)
..\hid_cdc\ports\usb_prop.c(284): warning:  #177-D: function "composite_cdc_hid_init" was declared but never referenced
  static void composite_cdc_hid_init(void)
..\hid_cdc\ports\usb_prop.c(307): warning:  #177-D: function "composite_cdc_hid_Reset" was declared but never referenced
  static void composite_cdc_hid_Reset(void)
..\hid_cdc\ports\usb_prop.c(364): warning:  #177-D: function "composite_cdc_hid_Status_In" was declared but never referenced
  static void composite_cdc_hid_Status_In(void)
..\hid_cdc\ports\usb_prop.c(376): warning:  #177-D: function "composite_cdc_hid_Status_Out" was declared but never referenced
  static void composite_cdc_hid_Status_Out (void)
..\hid_cdc\ports\usb_prop.c(387): warning:  #177-D: function "composite_cdc_hid_Data_Setup" was declared but never referenced
  static RESULT composite_cdc_hid_Data_Setup(uint8_t RequestNo)
..\hid_cdc\ports\usb_prop.c(463): warning:  #177-D: function "composite_cdc_hid_NoData_Setup" was declared but never referenced
  static RESULT composite_cdc_hid_NoData_Setup(uint8_t RequestNo)
..\hid_cdc\ports\usb_prop.c(494): warning:  #177-D: function "composite_cdc_hid_Get_Interface_Setting" was declared but never referenced
  static RESULT composite_cdc_hid_Get_Interface_Setting(uint8_t Interface, uint8_t AlternateSetting)
..\hid_cdc\ports\usb_prop.c(513): warning:  #177-D: function "composite_cdc_hid_GetDeviceDescriptor" was declared but never referenced
  static uint8_t *composite_cdc_hid_GetDeviceDescriptor(uint16_t Length)
..\hid_cdc\ports\usb_prop.c(525): warning:  #177-D: function "composite_cdc_hid_GetConfigDescriptor" was declared but never referenced
  static uint8_t *composite_cdc_hid_GetConfigDescriptor(uint16_t Length)
..\hid_cdc\ports\usb_prop.c(537): warning:  #177-D: function "composite_cdc_hid_GetStringDescriptor" was declared but never referenced
  static uint8_t *composite_cdc_hid_GetStringDescriptor(uint16_t Length)
..\hid_cdc\ports\usb_prop.c: 17 warnings, 24 errors
compiling usb_pwr.c...
compiling stm32f10x_it.c...
"..\Output\usb_composite.axf" - 26 Error(s), 18 Warning(s).
Target not created
ine
  }
main.c: 1 warning, 0 errors
compiling stm32f10x_it.c...
"..\Output\usb_composite.axf" - 26 Error(s), 19 Warning(s).
Target not created
e input file "stm32f10x_adc.h": No such file or directory
  #include "stm32f10x_adc.h"
stm32f10x_it.c: 0 warnings, 1 error
"..\Output\usb_composite.axf" - 37 Error(s), 1 Warning(s).
Target not created
